export const snapshot = {};

snapshot[`metas plugin 1`] = `
{
  formats: [
    {
      engines: 0,
      ext: ".page.toml",
      loader: [AsyncFunction: toml],
      pageType: "page",
    },
    {
      engines: 1,
      ext: ".page.ts",
      loader: [AsyncFunction: module],
      pageType: "page",
    },
    {
      engines: 1,
      ext: ".page.js",
      loader: [AsyncFunction: module],
      pageType: "page",
    },
    {
      engines: 0,
      ext: ".page.jsonc",
      loader: [AsyncFunction: json],
      pageType: "page",
    },
    {
      engines: 0,
      ext: ".page.json",
      loader: [AsyncFunction: json],
      pageType: "page",
    },
    {
      dataLoader: [AsyncFunction: json],
      engines: 0,
      ext: ".json",
      loader: [AsyncFunction: json],
    },
    {
      dataLoader: [AsyncFunction: json],
      engines: 0,
      ext: ".jsonc",
      loader: [AsyncFunction: json],
    },
    {
      engines: 1,
      ext: ".md",
      loader: [AsyncFunction: text],
      pageType: "page",
    },
    {
      engines: 1,
      ext: ".markdown",
      loader: [AsyncFunction: text],
      pageType: "page",
    },
    {
      dataLoader: [AsyncFunction: module],
      engines: 1,
      ext: ".js",
      loader: [AsyncFunction: module],
    },
    {
      dataLoader: [AsyncFunction: module],
      engines: 1,
      ext: ".ts",
      loader: [AsyncFunction: module],
    },
    {
      engines: 1,
      ext: ".vento",
      loader: [AsyncFunction: text],
      pageType: "page",
    },
    {
      engines: 1,
      ext: ".vto",
      loader: [AsyncFunction: text],
      pageType: "page",
    },
    {
      dataLoader: [AsyncFunction: toml],
      engines: 0,
      ext: ".toml",
      loader: [AsyncFunction: toml],
    },
    {
      dataLoader: [AsyncFunction: yaml],
      engines: 0,
      ext: ".yaml",
      loader: [AsyncFunction: yaml],
      pageType: "page",
    },
    {
      dataLoader: [AsyncFunction: yaml],
      engines: 0,
      ext: ".yml",
      loader: [AsyncFunction: yaml],
      pageType: "page",
    },
  ],
  src: [
    "/",
    "/_data.js",
    "/page-1.vto",
    "/page-2.vto",
    "/page-3.md",
  ],
}
`;

snapshot[`metas plugin 2`] = `[]`;

snapshot[`metas plugin 3`] = `
[
  {
    content: '<!DOCTYPE html>
<html>
  <head>
  <meta content="website" property="og:type">
<meta content="My site" property="og:site_name">
<meta content="gl" property="og:locale">
<meta content="Custom title" property="og:title">
<meta content="A very long custom description with a lot of text that will be truncated to a maximum of 155 characters and then append &quot;…&quot; to the end. Lorem ipsum dolor…" property="og:description">
<meta content="http://localhost/page-1/" property="og:url">
<meta content="http://localhost/my-image.png" property="og:image">
<meta content="summary_large_image" name="twitter:card">
<meta content="@myUser" name="twitter:site">
<meta content="A very long custom description with a lot of text that will be truncated to a maximum of 155 characters and then append &quot;…&quot; to the end. Lorem ipsum dolor…" name="description">
<meta content="one, two" name="keywords">
<meta content="index, follow" name="robots">
<meta content="black" name="theme-color">
<meta content="Lume testing" name="generator">
</head>
  <body>
    Hello world
  </body>
</html>',
    data: {
      basename: "page-1",
      children: "<html>
  <head>
  </head>
  <body>
    Hello world
  </body>
</html>
",
      content: "<html>
  <head>
  </head>
  <body>
    Hello world
  </body>
</html>
",
      date: [],
      mergedKeys: [
        "tags",
        "metas",
      ],
      metas: [
        "site",
        "title",
        "description",
        "image",
        "icon",
        "robots",
        "keywords",
        "twitter",
        "lang",
        "color",
        "generator",
      ],
      page: [
        "src",
        "data",
      ],
      paginate: "paginate",
      search: [],
      tags: "Array(0)",
      url: "/page-1/",
    },
    src: {
      asset: false,
      ext: ".vto",
      path: "/page-1",
      remote: undefined,
    },
  },
  {
    content: '<!DOCTYPE html>
<html>
  <head>
  <meta content="website" property="og:type">
<meta content="My site" property="og:site_name">
<meta content="gl" property="og:locale">
<meta content="Relative paths" property="og:title">
<meta content="Tests the use of relative path (to page.data.url) when filling out the og:image or og:icon URL" property="og:description">
<meta content="http://localhost/page-2/" property="og:url">
<meta content="http://localhost/page-2/my-image.png" property="og:image">
<meta content="summary_large_image" name="twitter:card">
<meta content="@myUser" name="twitter:site">
<meta content="Tests the use of relative path (to page.data.url) when filling out the og:image or og:icon URL" name="description">
<meta content="one, two" name="keywords">
<meta content="noindex, nofollow, noarchive" name="robots">
<meta content="black" name="theme-color">
<meta content="Lume testing" name="generator">
</head>
  <body>
    Hello world
  </body>
</html>',
    data: {
      basename: "page-2",
      children: "<html>
  <head>
  </head>
  <body>
    Hello world
  </body>
</html>
",
      content: "<html>
  <head>
  </head>
  <body>
    Hello world
  </body>
</html>
",
      date: [],
      mergedKeys: [
        "tags",
        "metas",
      ],
      metas: [
        "site",
        "title",
        "description",
        "image",
        "icon",
        "robots",
        "keywords",
        "twitter",
        "lang",
        "color",
        "generator",
      ],
      page: [
        "src",
        "data",
      ],
      paginate: "paginate",
      search: [],
      tags: "Array(0)",
      url: "/page-2/",
    },
    src: {
      asset: false,
      ext: ".vto",
      path: "/page-2",
      remote: undefined,
    },
  },
  {
    content: '<!DOCTYPE html>
<html><head><meta content="website" property="og:type">
<meta content="My site" property="og:site_name">
<meta content="gl" property="og:locale">
<meta content="Title from page data" property="og:title">
<meta content="THIS IS PAGE EXCERPT WILL BE USED AS META DESCRIPTION." property="og:description">
<meta content="http://localhost/page-3/" property="og:url">
<meta content="http://localhost/page-3/use-cover-as-meta-image.png" property="og:image">
<meta content="summary_large_image" name="twitter:card">
<meta content="@myUser" name="twitter:site">
<meta content="THIS IS PAGE EXCERPT WILL BE USED AS META DESCRIPTION." name="description">
<meta content="one, two" name="keywords">
<meta content="this robots will be overrided" name="robots">
<meta content="black" name="theme-color">
<meta content="Lume testing" name="generator">
</head><body>
<p>This is page excerpt will be used as meta description.</p>
<!--more-->
</body></html>',
    data: {
      basename: "page-3",
      children: "<p>This is page excerpt will be used as meta description.</p>
<!--more-->
",
      content: "This is page excerpt will be used as meta description.

<!--more-->
",
      cover: "./use-cover-as-meta-image.png",
      date: [],
      excerpt: "This is page excerpt will be used as meta description.

",
      header: [
        "title",
      ],
      mergedKeys: [
        "tags",
        "metas",
      ],
      metas: [
        "site",
        "title",
        "description",
        "image",
        "icon",
        "robots",
        "keywords",
        "twitter",
        "lang",
        "color",
        "generator",
      ],
      page: [
        "src",
        "data",
      ],
      paginate: "paginate",
      robots: "this robots will be overrided",
      search: [],
      tags: "Array(0)",
      url: "/page-3/",
    },
    src: {
      asset: false,
      ext: ".md",
      path: "/page-3",
      remote: undefined,
    },
  },
]
`;
